42
true
[0,0,5]
[0,2,5]
[0,2,5,0,0,0,0,0,0,100]
[false,false,false,true]
[false,true,false,true]
[false,true,true,true]
[false,true,true,true,false,false]
