El
gato
corre
a
doce
km
por
hora
el
cuatro_de_marzo_a_las_seis_de_la_tarde
.
