Nombre encontrado: sr dr Juan de la Sierra junior 
